// Jest Snapshot v1, https://goo.gl/fbAQLP

exports[`Check custom components functionality CustomButton Check changes in CustomButton component 1`] = `
<View
  accessibilityState={
    {
      "busy": undefined,
      "checked": undefined,
      "disabled": undefined,
      "expanded": undefined,
      "selected": undefined,
    }
  }
  accessibilityValue={
    {
      "max": undefined,
      "min": undefined,
      "now": undefined,
      "text": undefined,
    }
  }
  accessible={true}
  collapsable={false}
  focusable={false}
  onClick={[Function]}
  onResponderGrant={[Function]}
  onResponderMove={[Function]}
  onResponderRelease={[Function]}
  onResponderTerminate={[Function]}
  onResponderTerminationRequest={[Function]}
  onStartShouldSetResponder={[Function]}
  style={
    {
      "opacity": 1,
    }
  }
>
  <Text
    text="Hello"
  >
    Hello
  </Text>
</View>
`;

exports[`Check custom components functionality CustomIcon Check changes in CustomIcon component 1`] = `
<View>
  <Text
    allowFontScaling={false}
    selectable={false}
    style={
      [
        {
          "color": "red",
          "fontSize": 20,
        },
        undefined,
        {
          "fontFamily": "Material Icons",
          "fontStyle": "normal",
          "fontWeight": "normal",
        },
        {},
      ]
    }
  >
    î¢Ž
  </Text>
</View>
`;

exports[`Check custom components functionality CustomText Check changes in CustomText component 1`] = `
<Text
  text="Hello"
>
  Hello
</Text>
`;
